2025-12-27T11:01:33.7049933Z,Updating submodules.,1cb7f1e2-4fd5-49bb-adfd-efda1ae3cd0c,0
2025-12-27T11:01:33.7362404Z,Preparing deployment for commit id 'beab17216b'.,b224ea2f-bb4a-44ba-b2db-7c47d92d5bae,0
2025-12-27T11:01:33.8456113Z,Running build. Project type: OneDeploy,53f828b7-b35f-40fa-b90e-f6105e4150b0,0
2025-12-27T11:01:33.8924907Z,Copying the manifest,bbc3546b-6e19-42bc-bd51-1f05be11fb17,0
2025-12-27T11:01:33.9393630Z,Clean deploying to C:\home\site\wwwroot,98181510-6ad2-4683-a505-3850bb451ca5,0
2025-12-27T11:01:33.9706150Z,Generating deployment script.,aaace7e1-688e-40dc-a0c5-6086a4e0573e,0
	2025-12-27T11:01:34.0956138Z,Using the following command to generate deployment script: 'azure site deploymentscript -y --no-dot-deployment -r "C:\local\Temp\zipdeploy\extracted" -o "C:\home\site\deployments\tools" --basic --sitePath "C:\local\Temp\zipdeploy\extracted"'.,,0
	2025-12-27T11:01:34.8934196Z,Generating deployment script for Web Site,,0
2025-12-27T11:01:35.0018514Z,Running deployment command...,87f178c2-b391-49f0-93ac-a9fef4188c6f,0
	2025-12-27T11:01:35.0018514Z,Command: "C:\home\site\deployments\tools\deploy.cmd",,0
	2025-12-27T11:01:45.7361713Z,Handling Basic Web Site deployment.,,0
	2025-12-27T11:01:46.6793732Z,Creating app_offline.htm,,0
	2025-12-27T11:01:46.7093824Z,KuduSync.NET from: 'C:\local\Temp\zipdeploy\extracted' to: 'C:\home\site\wwwroot',,0
	2025-12-27T11:01:46.7393905Z,Deleting file: 'hostingstart.html',,0
	2025-12-27T11:01:46.7693978Z,Copying file: 'appsettings.json',,0
	2025-12-27T11:01:46.8004052Z,Copying file: 'GiftAPI.deps.json',,0
	2025-12-27T11:01:46.8316554Z,Copying file: 'GiftAPI.dll',,0
	2025-12-27T11:01:46.8694229Z,Copying file: 'GiftAPI.exe',,0
	2025-12-27T11:01:46.8994311Z,Copying file: 'GiftAPI.pdb',,0
	2025-12-27T11:01:46.9294383Z,Copying file: 'GiftAPI.runtimeconfig.json',,0
	2025-12-27T11:01:46.9594527Z,Copying file: 'GiftAPI.staticwebassets.endpoints.json',,0
	2025-12-27T11:01:46.9894530Z,Copying file: 'web.config',,0
	2025-12-27T11:01:47.0194601Z,Deleting app_offline.htm,,0
	2025-12-27T11:01:47.0194601Z,Finished successfully.,,0
2025-12-27T11:01:47.0660295Z,Build completed succesfully.,e844798b-70bf-4aeb-9cd7-d622634e64b3,0
2025-12-27T11:01:47.0972769Z,Running post deployment command(s)...,2646f973-40d0-4631-9b62-a905def29047,0
2025-12-27T11:01:47.2557743Z,Requesting site restart,ce17aab1-af1d-4ff8-8a12-3c6447dedb77,0
2025-12-27T11:01:47.3338998Z,Requesting site restart. Attempt #1,273b5b54-42b7-4333-945f-b95cf04faa93,0
2025-12-27T11:01:49.4444340Z,Successfully requested a restart. Attempt #1,c82dac65-75cc-4b38-83d9-5cbf73ec0244,0
2025-12-27T11:01:49.4756815Z,Deployment successful.,2bc0153d-f0aa-4f70-9376-64dd94508446,0
